src/components/auth/RequireAuth.tsx(2,10): error TS6133: 'Navigate' is declared but its value is never read.
src/components/auth/RequireAuth.tsx(8,11): error TS6133: 'location' is declared but its value is never read.
src/components/UserLoginModal.tsx(15,35): error TS2339: Property 'personal' does not exist on type 'UserFinance'.
src/components/UserLoginModal.tsx(54,48): error TS2345: Argument of type '{ id: string; name: string; }' is not assignable to parameter of type 'UserLite'.
  Property 'services' is missing in type '{ id: string; name: string; }' but required in type 'UserLite'.
src/data/mockData.ts(12,15): error TS2353: Object literal may only specify known properties, and 'id' does not exist in type 'UserChit'.
src/data/mockData.ts(13,15): error TS2353: Object literal may only specify known properties, and 'id' does not exist in type 'UserChit'.
src/data/mockData.ts(15,18): error TS2353: Object literal may only specify known properties, and 'name' does not exist in type 'UserLoan[]'.
src/data/mockData.ts(20,19): error TS2353: Object literal may only specify known properties, and 'id' does not exist in type 'UserChit'.
src/data/mockData.ts(21,18): error TS2353: Object literal may only specify known properties, and 'name' does not exist in type 'UserLoan[]'.
src/pages/Contact.tsx(1,1): error TS6133: 'React' is declared but its value is never read.
src/pages/Home.tsx(1,1): error TS6133: 'React' is declared but its value is never read.
src/pages/Login.tsx(2,23): error TS6133: 'Link' is declared but its value is never read.
src/pages/services/ChitDetails.tsx(1,8): error TS6133: 'React' is declared but its value is never read.
src/pages/services/ChitFunds.tsx(10,11): error TS6133: 'navigate' is declared but its value is never read.
src/pages/services/ChitFunds.tsx(14,22): error TS6133: 'currentLoss' is declared but its value is never read.
src/pages/services/ChitFunds.tsx(14,44): error TS6133: 'finished' is declared but its value is never read.
src/pages/services/CreditCards.tsx(1,8): error TS6133: 'React' is declared but its value is never read.
src/pages/services/CreditCards.tsx(95,86): error TS2304: Cannot find name 'formatINR'.
src/pages/services/CreditCards.tsx(113,48): error TS2304: Cannot find name 'formatINR'.
src/pages/services/CreditCards.tsx(131,95): error TS2304: Cannot find name 'formatINR'.
src/pages/services/Forex.tsx(285,113): error TS2339: Property 'fromCurrency' does not exist on type 'UserRequest'.
src/pages/services/Forex.tsx(287,113): error TS2339: Property 'toCurrency' does not exist on type 'UserRequest'.
src/pages/services/Forex.tsx(290,62): error TS2339: Property 'amount' does not exist on type 'UserRequest'.
src/pages/services/Forex.tsx(290,143): error TS2339: Property 'fromCurrency' does not exist on type 'UserRequest'.
src/pages/services/MonthlyPayments.tsx(1,1): error TS6133: 'React' is declared but its value is never read.
src/pages/services/MonthlyPayments.tsx(4,10): error TS6133: 'Calendar' is declared but its value is never read.
src/pages/services/PersonalLoans.tsx(1,8): error TS6133: 'React' is declared but its value is never read.
src/pages/services/PersonalLoans.tsx(4,43): error TS6133: 'Calculator' is declared but its value is never read.
src/pages/services/PersonalLoans.tsx(4,55): error TS6133: 'Percent' is declared but its value is never read.
src/pages/services/PersonalLoans.tsx(4,64): error TS6133: 'ArrowRight' is declared but its value is never read.
src/pages/services/StockMarket.tsx(1,8): error TS6133: 'React' is declared but its value is never read.
src/pages/services/StockMarket.tsx(2,22): error TS6133: 'TrendingDown' is declared but its value is never read.
src/pages/services/StockMarket.tsx(2,46): error TS6133: 'BarChart3' is declared but its value is never read.
src/pages/services/StockMarket.tsx(2,57): error TS6133: 'LineChart' is declared but its value is never read.
src/pages/services/StockMarket.tsx(2,68): error TS6133: 'PieChart' is declared but its value is never read.
